============================= test session starts =============================
platform win32 -- Python 3.13.7, pytest-9.0.1, pluggy-1.6.0
rootdir: C:\Users\User\Desktop\self projects\TaskJarvis
collected 4 items

tests\test_assistant.py AI Assistant: Offline (Mock Mode)
.AI Assistant: Offline (Mock Mode)
.AI Assistant: Offline (Mock Mode)
Added task with ID: 1
Assistant Response: Here are your tasks (Mock).
--------------------
Task #1: To Delete
  Priority: Medium
  Status: Pending
  Deadline: None
Remaining tasks: 1
[1] To Delete (Medium) - Pending | Due: None
FAI Assistant: Offline (Mock Mode)
Analytics Response: Here are your tasks (Mock).
--------------------
Task #1: Task for Stats
  Priority: Medium
  Status: Pending
  Deadline: None
F

================================== FAILURES ===================================
____________________________ test_mock_delete_task ____________________________

assistant = <assistant.assistant.TaskAssistant object at 0x000001A53DD091D0>
db = <tasks.task_db.TaskDB object at 0x000001A556672FD0>

    def test_mock_delete_task(assistant, db):
        t_id = db.add_task(Task("To Delete"))
        print(f"Added task with ID: {t_id}")
    
        # Mock client deletes ID 1
        response = assistant.process_input("Delete task 1")
        print(f"Assistant Response: {response}")
    
        tasks = db.get_tasks()
        print(f"Remaining tasks: {len(tasks)}")
        for t in tasks:
            print(t)
>       assert len(tasks) == 0
E       AssertionError: assert 1 == 0
E        +  where 1 = len([Task(title='To Delete', description='', priority='Medium', deadline=None, status='Pending', id=1)])

tests\test_assistant.py:48: AssertionError
_____________________________ test_mock_analytics _____________________________

assistant = <assistant.assistant.TaskAssistant object at 0x000001A558100770>
db = <tasks.task_db.TaskDB object at 0x000001A5566A1BA0>

    def test_mock_analytics(assistant, db):
        db.add_task(Task("Task for Stats"))
        response = assistant.process_input("Show analytics")
        print(f"Analytics Response: {response}")
>       assert "Productivity Analytics" in response
E       AssertionError: assert 'Productivity Analytics' in 'Here are your tasks (Mock).\n--------------------\nTask #1: Task for Stats\n  Priority: Medium\n  Status: Pending\n  Deadline: None'

tests\test_assistant.py:54: AssertionError
=========================== short test summary info ===========================
FAILED tests/test_assistant.py::test_mock_delete_task - AssertionError: asser...
FAILED tests/test_assistant.py::test_mock_analytics - AssertionError: assert ...
========================= 2 failed, 2 passed in 1.13s =========================
